{
  "anyOf": [
    {
      "type": "object",
      "properties": {
        "type": {
          "default": "failure",
          "const": "failure",
          "type": "string"
        },
        "reference": {
          "default": null,
          "anyOf": [
            {
              "type": "string"
            },
            {
              "type": "null"
            }
          ]
        },
        "suggestions": {
          "default": [],
          "type": "array",
          "items": {
            "type": "string"
          }
        },
        "warnings": {
          "default": [],
          "type": "array",
          "items": {
            "type": "string"
          }
        },
        "exitCode": {
          "type": "number"
        },
        "data": {
          "type": "object",
          "properties": {
            "type": {
              "default": "FailureSchemaFetchMissingSchema",
              "const": "FailureSchemaFetchMissingSchema",
              "type": "string"
            }
          },
          "required": [
            "type"
          ]
        }
      },
      "required": [
        "type",
        "reference",
        "suggestions",
        "warnings",
        "data"
      ]
    },
    {
      "type": "object",
      "properties": {
        "type": {
          "default": "failure",
          "const": "failure",
          "type": "string"
        },
        "reference": {
          "default": null,
          "anyOf": [
            {
              "type": "string"
            },
            {
              "type": "null"
            }
          ]
        },
        "suggestions": {
          "default": [],
          "type": "array",
          "items": {
            "type": "string"
          }
        },
        "warnings": {
          "default": [],
          "type": "array",
          "items": {
            "type": "string"
          }
        },
        "exitCode": {
          "type": "number"
        },
        "data": {
          "type": "object",
          "properties": {
            "type": {
              "default": "FailureSchemaFetchInvalidSchema",
              "const": "FailureSchemaFetchInvalidSchema",
              "type": "string"
            }
          },
          "required": [
            "type"
          ]
        }
      },
      "required": [
        "type",
        "reference",
        "suggestions",
        "warnings",
        "data"
      ]
    },
    {
      "type": "object",
      "properties": {
        "type": {
          "default": "failure",
          "const": "failure",
          "type": "string"
        },
        "reference": {
          "default": null,
          "anyOf": [
            {
              "type": "string"
            },
            {
              "type": "null"
            }
          ]
        },
        "suggestions": {
          "default": [],
          "type": "array",
          "items": {
            "type": "string"
          }
        },
        "warnings": {
          "default": [],
          "type": "array",
          "items": {
            "type": "string"
          }
        },
        "exitCode": {
          "type": "number"
        },
        "data": {
          "type": "object",
          "properties": {
            "type": {
              "default": "FailureSchemaFetchMissingSDLType",
              "const": "FailureSchemaFetchMissingSDLType",
              "type": "string"
            }
          },
          "required": [
            "type"
          ]
        }
      },
      "required": [
        "type",
        "reference",
        "suggestions",
        "warnings",
        "data"
      ]
    },
    {
      "type": "object",
      "properties": {
        "type": {
          "default": "success",
          "const": "success",
          "type": "string"
        },
        "warnings": {
          "default": [],
          "type": "array",
          "items": {
            "type": "string"
          }
        },
        "exitCode": {
          "type": "number"
        },
        "data": {
          "type": "object",
          "properties": {
            "type": {
              "default": "SuccessOutputFile",
              "const": "SuccessOutputFile",
              "type": "string"
            },
            "path": {
              "type": "string"
            },
            "bytes": {
              "type": "number"
            }
          },
          "required": [
            "type",
            "path",
            "bytes"
          ]
        }
      },
      "required": [
        "type",
        "warnings",
        "data"
      ]
    },
    {
      "type": "object",
      "properties": {
        "type": {
          "default": "success",
          "const": "success",
          "type": "string"
        },
        "warnings": {
          "default": [],
          "type": "array",
          "items": {
            "type": "string"
          }
        },
        "exitCode": {
          "type": "number"
        },
        "data": {
          "type": "object",
          "properties": {
            "type": {
              "default": "SuccessOutputStdout",
              "const": "SuccessOutputStdout",
              "type": "string"
            },
            "content": {
              "type": "string"
            }
          },
          "required": [
            "type",
            "content"
          ]
        }
      },
      "required": [
        "type",
        "warnings",
        "data"
      ]
    }
  ]
}