{
  "anyOf": [
    {
      "type": "object",
      "properties": {
        "type": {
          "default": "success",
          "const": "success",
          "type": "string"
        },
        "data": {
          "type": "object",
          "properties": {
            "type": {
              "default": "SuccessSchemaDelete",
              "const": "SuccessSchemaDelete",
              "type": "string"
            }
          },
          "required": [
            "type"
          ]
        }
      },
      "required": [
        "type",
        "data"
      ]
    },
    {
      "type": "object",
      "properties": {
        "type": {
          "const": "failure",
          "type": "string"
        },
        "reference": {
          "anyOf": [
            {
              "type": "string"
            },
            {
              "type": "null"
            }
          ]
        },
        "suggestions": {
          "type": "array",
          "items": {
            "type": "string"
          }
        },
        "data": {
          "type": "object",
          "properties": {
            "type": {
              "default": "FailureSchemaDelete",
              "const": "FailureSchemaDelete",
              "type": "string"
            },
            "errors": {
              "type": "array",
              "items": {
                "type": "object",
                "properties": {
                  "message": {
                    "type": "string"
                  }
                },
                "required": [
                  "message"
                ]
              }
            }
          },
          "required": [
            "type",
            "errors"
          ]
        }
      },
      "required": [
        "type",
        "reference",
        "suggestions",
        "data"
      ]
    }
  ]
}