{
  "anyOf": [
    {
      "type": "object",
      "properties": {
        "type": {
          "default": "success",
          "const": "success",
          "type": "string"
        },
        "warnings": {
          "default": [],
          "type": "array",
          "items": {
            "type": "string"
          }
        },
        "exitCode": {
          "type": "number"
        },
        "data": {
          "type": "object",
          "properties": {
            "type": {
              "default": "SuccessSchemaPublish",
              "const": "SuccessSchemaPublish",
              "type": "string"
            },
            "diffType": {
              "anyOf": [
                {
                  "const": "initial",
                  "type": "string"
                },
                {
                  "const": "change",
                  "type": "string"
                },
                {
                  "const": "unknown",
                  "type": "string"
                }
              ]
            },
            "message": {
              "anyOf": [
                {
                  "type": "string"
                },
                {
                  "type": "null"
                }
              ]
            },
            "changes": {
              "type": "array",
              "items": {
                "type": "object",
                "properties": {
                  "message": {
                    "type": "string"
                  },
                  "criticality": {
                    "anyOf": [
                      {
                        "const": "Breaking",
                        "type": "string"
                      },
                      {
                        "const": "Dangerous",
                        "type": "string"
                      },
                      {
                        "const": "Safe",
                        "type": "string"
                      }
                    ]
                  },
                  "isSafeBasedOnUsage": {
                    "type": "boolean"
                  },
                  "approval": {
                    "anyOf": [
                      {
                        "type": "object",
                        "properties": {
                          "by": {
                            "anyOf": [
                              {
                                "type": "object",
                                "properties": {
                                  "displayName": {
                                    "anyOf": [
                                      {
                                        "type": "string"
                                      },
                                      {
                                        "type": "null"
                                      }
                                    ]
                                  }
                                },
                                "required": [
                                  "displayName"
                                ]
                              },
                              {
                                "type": "null"
                              }
                            ]
                          }
                        },
                        "required": [
                          "by"
                        ]
                      },
                      {
                        "type": "null"
                      }
                    ]
                  }
                },
                "required": [
                  "message",
                  "criticality",
                  "isSafeBasedOnUsage",
                  "approval"
                ]
              }
            },
            "url": {
              "anyOf": [
                {
                  "format": "uri",
                  "type": "string"
                },
                {
                  "type": "null"
                }
              ]
            }
          },
          "required": [
            "type",
            "diffType",
            "message",
            "changes",
            "url"
          ]
        }
      },
      "required": [
        "type",
        "warnings",
        "data"
      ]
    },
    {
      "type": "object",
      "properties": {
        "type": {
          "default": "success",
          "const": "success",
          "type": "string"
        },
        "warnings": {
          "default": [],
          "type": "array",
          "items": {
            "type": "string"
          }
        },
        "exitCode": {
          "type": "number"
        },
        "data": {
          "type": "object",
          "properties": {
            "type": {
              "default": "FailureSchemaPublish",
              "const": "FailureSchemaPublish",
              "type": "string"
            },
            "changes": {
              "type": "array",
              "items": {
                "type": "object",
                "properties": {
                  "message": {
                    "type": "string"
                  },
                  "criticality": {
                    "anyOf": [
                      {
                        "const": "Breaking",
                        "type": "string"
                      },
                      {
                        "const": "Dangerous",
                        "type": "string"
                      },
                      {
                        "const": "Safe",
                        "type": "string"
                      }
                    ]
                  },
                  "isSafeBasedOnUsage": {
                    "type": "boolean"
                  },
                  "approval": {
                    "anyOf": [
                      {
                        "type": "object",
                        "properties": {
                          "by": {
                            "anyOf": [
                              {
                                "type": "object",
                                "properties": {
                                  "displayName": {
                                    "anyOf": [
                                      {
                                        "type": "string"
                                      },
                                      {
                                        "type": "null"
                                      }
                                    ]
                                  }
                                },
                                "required": [
                                  "displayName"
                                ]
                              },
                              {
                                "type": "null"
                              }
                            ]
                          }
                        },
                        "required": [
                          "by"
                        ]
                      },
                      {
                        "type": "null"
                      }
                    ]
                  }
                },
                "required": [
                  "message",
                  "criticality",
                  "isSafeBasedOnUsage",
                  "approval"
                ]
              }
            },
            "errors": {
              "type": "array",
              "items": {
                "type": "object",
                "properties": {
                  "message": {
                    "type": "string"
                  }
                },
                "required": [
                  "message"
                ]
              }
            },
            "url": {
              "anyOf": [
                {
                  "format": "uri",
                  "type": "string"
                },
                {
                  "type": "null"
                }
              ]
            }
          },
          "required": [
            "type",
            "changes",
            "errors",
            "url"
          ]
        }
      },
      "required": [
        "type",
        "warnings",
        "data"
      ]
    },
    {
      "type": "object",
      "properties": {
        "type": {
          "default": "success",
          "const": "success",
          "type": "string"
        },
        "warnings": {
          "default": [],
          "type": "array",
          "items": {
            "type": "string"
          }
        },
        "exitCode": {
          "type": "number"
        },
        "data": {
          "type": "object",
          "properties": {
            "type": {
              "default": "SuccessSchemaPublishGitHub",
              "const": "SuccessSchemaPublishGitHub",
              "type": "string"
            },
            "message": {
              "type": "string"
            }
          },
          "required": [
            "type",
            "message"
          ]
        }
      },
      "required": [
        "type",
        "warnings",
        "data"
      ]
    },
    {
      "type": "object",
      "properties": {
        "type": {
          "default": "failure",
          "const": "failure",
          "type": "string"
        },
        "reference": {
          "default": null,
          "anyOf": [
            {
              "type": "string"
            },
            {
              "type": "null"
            }
          ]
        },
        "suggestions": {
          "default": [],
          "type": "array",
          "items": {
            "type": "string"
          }
        },
        "warnings": {
          "default": [],
          "type": "array",
          "items": {
            "type": "string"
          }
        },
        "exitCode": {
          "type": "number"
        },
        "data": {
          "type": "object",
          "properties": {
            "type": {
              "default": "FailureSchemaPublishGitHub",
              "const": "FailureSchemaPublishGitHub",
              "type": "string"
            },
            "message": {
              "type": "string"
            }
          },
          "required": [
            "type",
            "message"
          ]
        }
      },
      "required": [
        "type",
        "reference",
        "suggestions",
        "warnings",
        "data"
      ]
    },
    {
      "type": "object",
      "properties": {
        "type": {
          "default": "failure",
          "const": "failure",
          "type": "string"
        },
        "reference": {
          "default": null,
          "anyOf": [
            {
              "type": "string"
            },
            {
              "type": "null"
            }
          ]
        },
        "suggestions": {
          "default": [],
          "type": "array",
          "items": {
            "type": "string"
          }
        },
        "warnings": {
          "default": [],
          "type": "array",
          "items": {
            "type": "string"
          }
        },
        "exitCode": {
          "type": "number"
        },
        "data": {
          "type": "object",
          "properties": {
            "type": {
              "default": "FailureResolveMetadata",
              "const": "FailureResolveMetadata",
              "type": "string"
            },
            "reason": {
              "anyOf": [
                {
                  "type": "object",
                  "properties": {
                    "type": {
                      "const": "notFound",
                      "type": "string"
                    },
                    "path": {
                      "type": "string"
                    }
                  },
                  "required": [
                    "type",
                    "path"
                  ]
                },
                {
                  "type": "object",
                  "properties": {
                    "type": {
                      "const": "readFail",
                      "type": "string"
                    },
                    "path": {
                      "type": "string"
                    },
                    "message": {
                      "type": "string"
                    }
                  },
                  "required": [
                    "type",
                    "path",
                    "message"
                  ]
                },
                {
                  "type": "object",
                  "properties": {
                    "type": {
                      "const": "invalidJson",
                      "type": "string"
                    },
                    "path": {
                      "type": "string"
                    },
                    "value": {
                      "type": "string"
                    },
                    "message": {
                      "type": "string"
                    }
                  },
                  "required": [
                    "type",
                    "path",
                    "value",
                    "message"
                  ]
                }
              ]
            }
          },
          "required": [
            "type",
            "reason"
          ]
        }
      },
      "required": [
        "type",
        "reference",
        "suggestions",
        "warnings",
        "data"
      ]
    },
    {
      "type": "object",
      "properties": {
        "type": {
          "default": "failure",
          "const": "failure",
          "type": "string"
        },
        "reference": {
          "default": null,
          "anyOf": [
            {
              "type": "string"
            },
            {
              "type": "null"
            }
          ]
        },
        "suggestions": {
          "default": [],
          "type": "array",
          "items": {
            "type": "string"
          }
        },
        "warnings": {
          "default": [],
          "type": "array",
          "items": {
            "type": "string"
          }
        },
        "exitCode": {
          "type": "number"
        },
        "data": {
          "type": "object",
          "properties": {
            "type": {
              "default": "FailureSchemaPublishInvalidGraphQLSchema",
              "const": "FailureSchemaPublishInvalidGraphQLSchema",
              "type": "string"
            },
            "message": {
              "type": "string"
            },
            "locations": {
              "type": "array",
              "items": {
                "type": "object",
                "properties": {
                  "line": {
                    "type": "number"
                  },
                  "column": {
                    "type": "number"
                  }
                },
                "required": [
                  "line",
                  "column"
                ]
              }
            }
          },
          "required": [
            "type",
            "message",
            "locations"
          ]
        }
      },
      "required": [
        "type",
        "reference",
        "suggestions",
        "warnings",
        "data"
      ]
    }
  ]
}