{
  "anyOf": [
    {
      "type": "object",
      "properties": {
        "type": {
          "default": "success",
          "const": "success",
          "type": "string"
        },
        "warnings": {
          "default": [],
          "type": "array",
          "items": {
            "type": "string"
          }
        },
        "exitCode": {
          "type": "number"
        },
        "data": {
          "type": "object",
          "properties": {
            "type": {
              "default": "SuccessWhoami",
              "const": "SuccessWhoami",
              "type": "string"
            },
            "token": {
              "type": "object",
              "properties": {
                "name": {
                  "type": "string"
                }
              },
              "required": [
                "name"
              ]
            },
            "organization": {
              "type": "object",
              "properties": {
                "slug": {
                  "type": "string"
                },
                "url": {
                  "format": "uri",
                  "type": "string"
                }
              },
              "required": [
                "slug",
                "url"
              ]
            },
            "project": {
              "type": "object",
              "properties": {
                "type": {
                  "type": "string"
                },
                "slug": {
                  "type": "string"
                },
                "url": {
                  "format": "uri",
                  "type": "string"
                }
              },
              "required": [
                "type",
                "slug",
                "url"
              ]
            },
            "target": {
              "type": "object",
              "properties": {
                "slug": {
                  "type": "string"
                },
                "url": {
                  "format": "uri",
                  "type": "string"
                }
              },
              "required": [
                "slug",
                "url"
              ]
            },
            "authorization": {
              "type": "object",
              "properties": {
                "schema": {
                  "type": "object",
                  "properties": {
                    "publish": {
                      "type": "boolean"
                    },
                    "check": {
                      "type": "boolean"
                    }
                  },
                  "required": [
                    "publish",
                    "check"
                  ]
                }
              },
              "required": [
                "schema"
              ]
            }
          },
          "required": [
            "type",
            "token",
            "organization",
            "project",
            "target",
            "authorization"
          ]
        }
      },
      "required": [
        "type",
        "warnings",
        "data"
      ]
    },
    {
      "type": "object",
      "properties": {
        "type": {
          "default": "failure",
          "const": "failure",
          "type": "string"
        },
        "reference": {
          "default": null,
          "anyOf": [
            {
              "type": "string"
            },
            {
              "type": "null"
            }
          ]
        },
        "suggestions": {
          "default": [],
          "type": "array",
          "items": {
            "type": "string"
          }
        },
        "warnings": {
          "default": [],
          "type": "array",
          "items": {
            "type": "string"
          }
        },
        "exitCode": {
          "type": "number"
        },
        "data": {
          "type": "object",
          "properties": {
            "type": {
              "default": "FailureWhoamiTokenNotFound",
              "const": "FailureWhoamiTokenNotFound",
              "type": "string"
            },
            "message": {
              "type": "string"
            }
          },
          "required": [
            "type",
            "message"
          ]
        }
      },
      "required": [
        "type",
        "reference",
        "suggestions",
        "warnings",
        "data"
      ]
    }
  ]
}