// Vitest Snapshot v1, https://vitest.dev/guide/snapshot.html

exports[`--help - { command: 'whoami' } 1`] = `
::::::::::::::: CLI SUCCESS OUTPUT :::::::::::::::
stdout-------------------------------------------:
shows information about the current token

USAGE
  $ hive whoami [--json] [--show-output-schema-json] [--debug]
    [--registry.endpoint <value>] [--registry <value>] [--registry.accessToken
    <value>] [--token <value>]

FLAGS
  --debug                         Whether debug output for HTTP calls and
                                  similar should be enabled.
  --registry=<value>              registry address
  --registry.accessToken=<value>  registry access token
  --registry.endpoint=<value>     registry endpoint
  --token=<value>                 api token

GLOBAL FLAGS
  --json                     Format output as json.
  --show-output-schema-json  Show the schema for the JSON format output of this
                             command. JSON format output occurs when you pass
                             the --json flag. The schema is expressed in JSON
                             Schema (json-schema.org).

DESCRIPTION
  shows information about the current token

JSON OUTPUT SCHEMA
  {"anyOf":[{"type":"object","properties":{"type":{"default":"success","const":"success","type":"string"},"warnings":{"default":[],"type":"array","items":{"type":"string"}},"exitCode":{"type":"number"},"data":{"type":"object","properties":{"type":{"default":"SuccessContext","const":"SuccessContext","type":"string"},"token":{"type":"object","properties":{"name":{"type":"string"}},"required":["name"]},"organization":{"type":"object","properties":{"slug":{"type":"string"},"url":{"format":"uri","type":"string"}},"required":["slug","url"]},"project":{"type":"object","properties":{"type":{"type":"string"},"slug":{"type":"string"},"url":{"format":"uri","type":"string"}},"required":["type","slug","url"]},"target":{"type":"object","properties":{"slug":{"type":"string"},"url":{"format":"uri","type":"string"}},"required":["slug","url"]},"authorization":{"type":"object","properties":{"schema":{"type":"object","properties":{"publish":{"type":"boolean"},"check":{"type":"boolean"}},"required":["publish","check"]}},"required":["schema"]}},"required":["type","token","organization","project","target","authorization"]}},"required":["type","warnings","data"]},{"type":"object","properties":{"type":{"default":"failure","const":"failure","type":"string"},"reference":{"default":null,"anyOf":[{"type":"string"},{"type":"null"}]},"suggestions":{"default":[],"type":"array","items":{"type":"string"}},"warnings":{"default":[],"type":"array","items":{"type":"string"}},"exitCode":{"type":"number"},"data":{"type":"object","properties":{"type":{"default":"FailureTokenNotFound","const":"FailureTokenNotFound","type":"string"},"message":{"type":"string"}},"required":["type","message"]}},"required":["type","reference","suggestions","warnings","data"]}]}
::::::::::::::::::::::::::::::::::::::::::::::::::
`;
