// Vitest Snapshot v1, https://vitest.dev/guide/snapshot.html

exports[`--show-output-schema-json - { command: 'app:create' } 1`] = `{"anyOf":[{"type":"object","properties":{"type":{"default":"success","const":"success","type":"string"},"data":{"type":"object","properties":{"type":{"default":"SuccessSkipAppCreate","const":"SuccessSkipAppCreate","type":"string"},"status":{"anyOf":[{"const":"active","type":"string"},{"const":"pending","type":"string"},{"const":"retired","type":"string"}]}},"required":["type","status"]}},"required":["type","data"]},{"type":"object","properties":{"type":{"default":"success","const":"success","type":"string"},"data":{"type":"object","properties":{"type":{"default":"SuccessAppCreate","const":"SuccessAppCreate","type":"string"},"id":{"minLength":1,"type":"string"},"operationsCount":{"type":"number"}},"required":["type","id","operationsCount"]}},"required":["type","data"]},{"type":"object","properties":{"type":{"const":"failure","type":"string"},"reference":{"anyOf":[{"type":"string"},{"type":"null"}]},"suggestions":{"type":"array","items":{"type":"string"}},"data":{"type":"object","properties":{"type":{"default":"FailureAppCreate","const":"FailureAppCreate","type":"string"},"message":{"type":"string"}},"required":["type","message"]}},"required":["type","reference","suggestions","data"]},{"type":"object","properties":{"type":{"const":"failure","type":"string"},"reference":{"anyOf":[{"type":"string"},{"type":"null"}]},"suggestions":{"type":"array","items":{"type":"string"}},"data":{"type":"object","properties":{"type":{"default":"FailureInvalidManifestModel","const":"FailureInvalidManifestModel","type":"string"},"errors":{"type":"array","items":{"$id":"MaterializedValueError","type":"object","properties":{"message":{"type":"string"},"path":{"type":"string"},"value":{},"errors":{"type":"array","items":{"$ref":"MaterializedValueError"}}},"required":["message","path","value","errors"]}}},"required":["type","errors"]}},"required":["type","reference","suggestions","data"]}]}`;

exports[`--show-output-schema-json - { command: 'app:publish' } 1`] = `{"anyOf":[{"type":"object","properties":{"type":{"default":"success","const":"success","type":"string"},"data":{"type":"object","properties":{"type":{"default":"SuccessSkipAppPublish","const":"SuccessSkipAppPublish","type":"string"},"name":{"minLength":1,"type":"string"},"version":{"minLength":1,"type":"string"}},"required":["type","name","version"]}},"required":["type","data"]},{"type":"object","properties":{"type":{"default":"success","const":"success","type":"string"},"data":{"type":"object","properties":{"type":{"default":"SuccessAppPublish","const":"SuccessAppPublish","type":"string"},"name":{"minLength":1,"type":"string"},"version":{"minLength":1,"type":"string"}},"required":["type","name","version"]}},"required":["type","data"]},{"type":"object","properties":{"type":{"const":"failure","type":"string"},"reference":{"anyOf":[{"type":"string"},{"type":"null"}]},"suggestions":{"type":"array","items":{"type":"string"}},"data":{"type":"object","properties":{"type":{"default":"FailureAppPublish","const":"FailureAppPublish","type":"string"},"message":{"type":"string"}},"required":["type","message"]}},"required":["type","reference","suggestions","data"]}]}`;

exports[`--show-output-schema-json - { command: 'schema:check' } 1`] = `{"anyOf":[{"type":"object","properties":{"type":{"default":"success","const":"success","type":"string"},"data":{"type":"object","properties":{"type":{"default":"SuccessSchemaCheck","const":"SuccessSchemaCheck","type":"string"},"diffType":{"anyOf":[{"const":"initial","type":"string"},{"const":"change","type":"string"},{"const":"unknown","type":"string"}]},"changes":{"type":"array","items":{"type":"object","properties":{"message":{"type":"string"},"criticality":{"anyOf":[{"const":"Breaking","type":"string"},{"const":"Dangerous","type":"string"},{"const":"Safe","type":"string"}]},"isSafeBasedOnUsage":{"type":"boolean"},"approval":{"anyOf":[{"type":"object","properties":{"by":{"anyOf":[{"type":"object","properties":{"displayName":{"anyOf":[{"type":"string"},{"type":"null"}]}},"required":["displayName"]},{"type":"null"}]}},"required":["by"]},{"type":"null"}]}},"required":["message","criticality","isSafeBasedOnUsage","approval"]}},"warnings":{"type":"array","items":{"type":"object","properties":{"message":{"type":"string"},"source":{"anyOf":[{"type":"string"},{"type":"null"}]},"line":{"anyOf":[{"type":"number"},{"type":"null"}]},"column":{"anyOf":[{"type":"number"},{"type":"null"}]}},"required":["message","source","line","column"]}},"url":{"anyOf":[{"format":"uri","type":"string"},{"type":"null"}]}},"required":["type","diffType","changes","warnings","url"]}},"required":["type","data"]},{"type":"object","properties":{"type":{"default":"success","const":"success","type":"string"},"data":{"type":"object","properties":{"type":{"default":"SuccessSchemaCheckGitHub","const":"SuccessSchemaCheckGitHub","type":"string"},"message":{"type":"string"}},"required":["type","message"]}},"required":["type","data"]},{"type":"object","properties":{"type":{"default":"success","const":"success","type":"string"},"data":{"type":"object","properties":{"type":{"default":"FailureSchemaCheck","const":"FailureSchemaCheck","type":"string"},"changes":{"type":"array","items":{"type":"object","properties":{"message":{"type":"string"},"criticality":{"anyOf":[{"const":"Breaking","type":"string"},{"const":"Dangerous","type":"string"},{"const":"Safe","type":"string"}]},"isSafeBasedOnUsage":{"type":"boolean"},"approval":{"anyOf":[{"type":"object","properties":{"by":{"anyOf":[{"type":"object","properties":{"displayName":{"anyOf":[{"type":"string"},{"type":"null"}]}},"required":["displayName"]},{"type":"null"}]}},"required":["by"]},{"type":"null"}]}},"required":["message","criticality","isSafeBasedOnUsage","approval"]}},"warnings":{"type":"array","items":{"type":"object","properties":{"message":{"type":"string"},"source":{"anyOf":[{"type":"string"},{"type":"null"}]},"line":{"anyOf":[{"type":"number"},{"type":"null"}]},"column":{"anyOf":[{"type":"number"},{"type":"null"}]}},"required":["message","source","line","column"]}},"errors":{"type":"array","items":{"type":"object","properties":{"message":{"type":"string"}},"required":["message"]}},"url":{"anyOf":[{"format":"uri","type":"string"},{"type":"null"}]}},"required":["type","changes","warnings","errors","url"]}},"required":["type","data"]},{"type":"object","properties":{"type":{"const":"failure","type":"string"},"reference":{"anyOf":[{"type":"string"},{"type":"null"}]},"suggestions":{"type":"array","items":{"type":"string"}},"data":{"type":"object","properties":{"type":{"default":"FailureSchemaCheckGitHub","const":"FailureSchemaCheckGitHub","type":"string"},"message":{"type":"string"}},"required":["type","message"]}},"required":["type","reference","suggestions","data"]}]}`;

exports[`--show-output-schema-json - { command: 'schema:delete' } 1`] = `{"anyOf":[{"type":"object","properties":{"type":{"default":"success","const":"success","type":"string"},"data":{"type":"object","properties":{"type":{"default":"SuccessSchemaDelete","const":"SuccessSchemaDelete","type":"string"}},"required":["type"]}},"required":["type","data"]},{"type":"object","properties":{"type":{"const":"failure","type":"string"},"reference":{"anyOf":[{"type":"string"},{"type":"null"}]},"suggestions":{"type":"array","items":{"type":"string"}},"data":{"type":"object","properties":{"type":{"default":"FailureSchemaDelete","const":"FailureSchemaDelete","type":"string"},"errors":{"type":"array","items":{"type":"object","properties":{"message":{"type":"string"}},"required":["message"]}}},"required":["type","errors"]}},"required":["type","reference","suggestions","data"]}]}`;

exports[`--show-output-schema-json - { command: 'schema:fetch' } 1`] = `{"anyOf":[{"type":"object","properties":{"type":{"const":"failure","type":"string"},"reference":{"anyOf":[{"type":"string"},{"type":"null"}]},"suggestions":{"type":"array","items":{"type":"string"}},"data":{"type":"object","properties":{"type":{"default":"FailureSchemaFetchMissingSchema","const":"FailureSchemaFetchMissingSchema","type":"string"}},"required":["type"]}},"required":["type","reference","suggestions","data"]},{"type":"object","properties":{"type":{"const":"failure","type":"string"},"reference":{"anyOf":[{"type":"string"},{"type":"null"}]},"suggestions":{"type":"array","items":{"type":"string"}},"data":{"type":"object","properties":{"type":{"default":"FailureSchemaFetchInvalidSchema","const":"FailureSchemaFetchInvalidSchema","type":"string"}},"required":["type"]}},"required":["type","reference","suggestions","data"]},{"type":"object","properties":{"type":{"const":"failure","type":"string"},"reference":{"anyOf":[{"type":"string"},{"type":"null"}]},"suggestions":{"type":"array","items":{"type":"string"}},"data":{"type":"object","properties":{"type":{"default":"FailureSchemaFetchMissingSDLType","const":"FailureSchemaFetchMissingSDLType","type":"string"}},"required":["type"]}},"required":["type","reference","suggestions","data"]},{"type":"object","properties":{"type":{"default":"success","const":"success","type":"string"},"data":{"type":"object","properties":{"type":{"default":"SuccessOutputFile","const":"SuccessOutputFile","type":"string"},"path":{"type":"string"},"bytes":{"type":"number"}},"required":["type","path","bytes"]}},"required":["type","data"]},{"type":"object","properties":{"type":{"default":"success","const":"success","type":"string"},"data":{"type":"object","properties":{"type":{"default":"SuccessOutputStdout","const":"SuccessOutputStdout","type":"string"},"content":{"type":"string"}},"required":["type","content"]}},"required":["type","data"]}]}`;

exports[`--show-output-schema-json - { command: 'schema:publish' } 1`] = `{"anyOf":[{"type":"object","properties":{"type":{"default":"success","const":"success","type":"string"},"data":{"type":"object","properties":{"type":{"default":"SuccessSchemaPublish","const":"SuccessSchemaPublish","type":"string"},"diffType":{"anyOf":[{"const":"initial","type":"string"},{"const":"change","type":"string"},{"const":"unknown","type":"string"}]},"message":{"anyOf":[{"type":"string"},{"type":"null"}]},"changes":{"type":"array","items":{"type":"object","properties":{"message":{"type":"string"},"criticality":{"anyOf":[{"const":"Breaking","type":"string"},{"const":"Dangerous","type":"string"},{"const":"Safe","type":"string"}]},"isSafeBasedOnUsage":{"type":"boolean"},"approval":{"anyOf":[{"type":"object","properties":{"by":{"anyOf":[{"type":"object","properties":{"displayName":{"anyOf":[{"type":"string"},{"type":"null"}]}},"required":["displayName"]},{"type":"null"}]}},"required":["by"]},{"type":"null"}]}},"required":["message","criticality","isSafeBasedOnUsage","approval"]}},"url":{"anyOf":[{"format":"uri","type":"string"},{"type":"null"}]}},"required":["type","diffType","message","changes","url"]}},"required":["type","data"]},{"type":"object","properties":{"type":{"default":"success","const":"success","type":"string"},"data":{"type":"object","properties":{"type":{"default":"FailureSchemaPublish","const":"FailureSchemaPublish","type":"string"},"changes":{"type":"array","items":{"type":"object","properties":{"message":{"type":"string"},"criticality":{"anyOf":[{"const":"Breaking","type":"string"},{"const":"Dangerous","type":"string"},{"const":"Safe","type":"string"}]},"isSafeBasedOnUsage":{"type":"boolean"},"approval":{"anyOf":[{"type":"object","properties":{"by":{"anyOf":[{"type":"object","properties":{"displayName":{"anyOf":[{"type":"string"},{"type":"null"}]}},"required":["displayName"]},{"type":"null"}]}},"required":["by"]},{"type":"null"}]}},"required":["message","criticality","isSafeBasedOnUsage","approval"]}},"errors":{"type":"array","items":{"type":"object","properties":{"message":{"type":"string"}},"required":["message"]}},"url":{"anyOf":[{"format":"uri","type":"string"},{"type":"null"}]}},"required":["type","changes","errors","url"]}},"required":["type","data"]},{"type":"object","properties":{"type":{"default":"success","const":"success","type":"string"},"data":{"type":"object","properties":{"type":{"default":"SuccessSchemaPublishGitHub","const":"SuccessSchemaPublishGitHub","type":"string"},"message":{"type":"string"}},"required":["type","message"]}},"required":["type","data"]},{"type":"object","properties":{"type":{"const":"failure","type":"string"},"reference":{"anyOf":[{"type":"string"},{"type":"null"}]},"suggestions":{"type":"array","items":{"type":"string"}},"data":{"type":"object","properties":{"type":{"default":"FailureSchemaPublishGitHub","const":"FailureSchemaPublishGitHub","type":"string"},"message":{"type":"string"}},"required":["type","message"]}},"required":["type","reference","suggestions","data"]},{"type":"object","properties":{"type":{"const":"failure","type":"string"},"reference":{"anyOf":[{"type":"string"},{"type":"null"}]},"suggestions":{"type":"array","items":{"type":"string"}},"data":{"type":"object","properties":{"type":{"default":"FailureSchemaPublishInvalidGraphQLSchema","const":"FailureSchemaPublishInvalidGraphQLSchema","type":"string"},"message":{"type":"string"},"locations":{"type":"array","items":{"type":"object","properties":{"line":{"type":"number"},"column":{"type":"number"}},"required":["line","column"]}}},"required":["type","message","locations"]}},"required":["type","reference","suggestions","data"]}]}`;

exports[`--show-output-schema-json - { command: 'whoami' } 1`] = `{"anyOf":[{"type":"object","properties":{"type":{"default":"success","const":"success","type":"string"},"data":{"type":"object","properties":{"type":{"default":"SuccessWhoami","const":"SuccessWhoami","type":"string"},"token":{"type":"object","properties":{"name":{"type":"string"}},"required":["name"]},"organization":{"type":"object","properties":{"slug":{"type":"string"},"url":{"format":"uri","type":"string"}},"required":["slug","url"]},"project":{"type":"object","properties":{"type":{"type":"string"},"slug":{"type":"string"},"url":{"format":"uri","type":"string"}},"required":["type","slug","url"]},"target":{"type":"object","properties":{"slug":{"type":"string"},"url":{"format":"uri","type":"string"}},"required":["slug","url"]},"authorization":{"type":"object","properties":{"schema":{"type":"object","properties":{"publish":{"type":"boolean"},"check":{"type":"boolean"}},"required":["publish","check"]}},"required":["schema"]}},"required":["type","token","organization","project","target","authorization"]}},"required":["type","data"]},{"type":"object","properties":{"type":{"const":"failure","type":"string"},"reference":{"anyOf":[{"type":"string"},{"type":"null"}]},"suggestions":{"type":"array","items":{"type":"string"}},"data":{"type":"object","properties":{"type":{"default":"FailureWhoamiTokenNotFound","const":"FailureWhoamiTokenNotFound","type":"string"},"message":{"type":"string"}},"required":["type","message"]}},"required":["type","reference","suggestions","data"]}]}`;
